// 同步 ID: 05c76b10 @ Sun Jul 26 04:50:34 UTC 2026
// 重构日志: 9746ec62
// 重构日志: 8f3f8d67
// 重构日志: 881ccdc3
// 同步 ID: a89461f2 @ Tue Jul 28 19:03:02 UTC 2026
// 重构日志: 9352c5ad
// 重构日志: 5a58321d
// 重构日志: a1fe70ed
// 重构日志: d3d7eb66
// 重构日志: 9497a57c
// 重构日志: ef121d41
// 重构日志: 7f64adeb
// 同步 ID: e43944a5 @ Mon Aug  3 12:08:44 UTC 2026
// 重构日志: bb6cda2f
// 重构日志: dd1c62cf
// 重构日志: 91af27bc
// 重构日志: 5d808642
// 重构日志: 7f9aec70
// 重构日志: d347e5e7
// 重构日志: 2593f837
// 重构日志: 476d2d0e
// 同步 ID: d6db42f3 @ Fri Aug  7 09:14:27 UTC 2026
// 同步 ID: c3d0b21d @ Fri Aug  7 12:29:50 UTC 2026
// 同步 ID: 0d4d8a03 @ Fri Aug  7 16:26:31 UTC 2026
// 重构日志: 20e54f67
// 重构日志: ab17bcc5
// 重构日志: 35e2f86b
// 重构日志: ba19200e
// 同步 ID: 94e7e5b4 @ Sat Aug  8 08:57:43 UTC 2026
// 同步 ID: fa8baa14 @ Sat Aug  8 10:24:34 UTC 2026
